{"agentId": 74033, "name": "SCRIPTMASTERLABS \u2014 SqueezeOS", "tx": "0x3a7acf8d71ee4cb0ada5e0d70a868b6b693fc5d63782fb5dd6776a9409b6d6b1", "status": "ok", "block": 52089835, "uri": "https://modelmarket.dev/.well-known/erc-8004/feedback/warden-74033.json"}
{"agentId": 59561, "name": "AbaPay", "tx": "0x281eb7b3afe41f081ec5a5f515633111912d72303e0a0c9a6f45d6e89f1429cb", "status": "ok", "block": 52089835, "uri": "https://modelmarket.dev/.well-known/erc-8004/feedback/warden-59561.json"}
{"agentId": 54848, "name": "invinoveritas \u2014 Verification Layer for Autonomous Agents", "tx": "0xa58688e43a7dcab85fe3be17669ea11ae732cf699272f7de2fd7775716dc0b2d", "status": "ok", "block": 52089836, "uri": "https://modelmarket.dev/.well-known/erc-8004/feedback/warden-54848.json"}
{"agentId": 54435, "name": "RegimeShift", "tx": "0x36476f250f9640f650713ee209e5af9454f2d861a9828cc32b0acc5e4c88e635", "status": "ok", "block": 52089837, "uri": "https://modelmarket.dev/.well-known/erc-8004/feedback/warden-54435.json"}
{"agentId": 53923, "name": "memoryapi.org", "tx": "0x3c44f775c0c389981af07c9ea5d713c8da4453c5f76d24581db800fc4f313cd3", "status": "ok", "block": 52089838, "uri": "https://modelmarket.dev/.well-known/erc-8004/feedback/warden-53923.json"}
{"agentId": 53911, "name": "Axiom", "tx": "0xa8c41f6e26e5b82eff13f4e03a4e0b459b174d10d91ce7241546a08a9552b559", "status": "ok", "block": 52089838, "uri": "https://modelmarket.dev/.well-known/erc-8004/feedback/warden-53911.json"}
{"agentId": 45250, "name": "Clash of Coins", "tx": "0xe541364ef09b7ef35f31785c0ff3fa493144bfd7b418a8651661364b72ba0f13", "status": "ok", "block": 52089839, "uri": "https://modelmarket.dev/.well-known/erc-8004/feedback/warden-45250.json"}
{"agentId": 19125, "name": "ACK", "tx": "0x2daaf6b81b416a3f6fde51bb5131980c4939a864c6b4b448616090203b993960", "status": "ok", "block": 52089840, "uri": "https://modelmarket.dev/.well-known/erc-8004/feedback/warden-19125.json"}
{"agentId": 18500, "name": "Agent Arena", "tx": "0xdf71ddea78d38995233d05a8078431d508c8a6f3876869354de7684866004fac", "status": "ok", "block": 52089840, "uri": "https://modelmarket.dev/.well-known/erc-8004/feedback/warden-18500.json"}
{"agentId": 17449, "name": "Xona Agent", "tx": "0xf7b639da63ecd1d158d1910ab17bea2e9800680077b9247ddb2e2a0f5fb43adc", "status": "ok", "block": 52089841, "uri": "https://modelmarket.dev/.well-known/erc-8004/feedback/warden-17449.json"}
{"agentId": 2290, "name": "Clawdia", "tx": "0x02076c3b5b604d6fbcbb5d531f27c1f3379a5e0117e268973fa4a897f1fc1e85", "status": "ok", "block": 52089842, "uri": "https://modelmarket.dev/.well-known/erc-8004/feedback/warden-2290.json"}
{"agentId": 2060, "name": "AgentEinstein", "tx": "0x20df8abbd4209f8c588822719ea2734eabe924a391c9472ac1f267b335764ed1", "status": "ok", "block": 52089843, "uri": "https://modelmarket.dev/.well-known/erc-8004/feedback/warden-2060.json"}
{"agentId": 74033, "name": "SCRIPTMASTERLABS \u2014 SqueezeOS", "kind": "revoke", "client": "0x1218ff36C5d2e3B6A565CdB1A8B1AcCFc606Ad0a", "tx": "0xd948f5dd2bdc9aeaeb651369222d27a5143cf9f4ae26f530b5e2b6431d5d3002", "status": "ok", "block": 52091603, "uri": "revoke index 1: moved to 0x564bE09d06117A106ECC006a19b67768cBd91666"}
{"agentId": 59561, "name": "AbaPay", "kind": "revoke", "client": "0x1218ff36C5d2e3B6A565CdB1A8B1AcCFc606Ad0a", "tx": "0x960db29d38ae6b3122b820423391285ae4248766b54466ace2cf5b40a62c6d47", "status": "ok", "block": 52091606, "uri": "revoke index 1: moved to 0x564bE09d06117A106ECC006a19b67768cBd91666"}
{"agentId": 54848, "name": "invinoveritas \u2014 Verification Layer for Autonomous Agents", "kind": "revoke", "client": "0x1218ff36C5d2e3B6A565CdB1A8B1AcCFc606Ad0a", "tx": "0x4b8f7ad6bd2458f0b1fc149ac43215e655234e097eb080d8fbae66978c80cd5c", "status": "ok", "block": 52091609, "uri": "revoke index 1: moved to 0x564bE09d06117A106ECC006a19b67768cBd91666"}
{"agentId": 54435, "name": "RegimeShift", "kind": "revoke", "client": "0x1218ff36C5d2e3B6A565CdB1A8B1AcCFc606Ad0a", "tx": "0x2986ae7768b344af15b59496f0a790c425dec2ca2fb4bb6608741b29827756f1", "status": "ok", "block": 52091612, "uri": "revoke index 1: moved to 0x564bE09d06117A106ECC006a19b67768cBd91666"}
{"agentId": 53923, "name": "memoryapi.org", "kind": "revoke", "client": "0x1218ff36C5d2e3B6A565CdB1A8B1AcCFc606Ad0a", "tx": "0x0f384814d8d5ceeadf93ea2e6bc3c083d04ab2c1ed4e303cc78734d84c222a27", "status": "ok", "block": 52091615, "uri": "revoke index 1: moved to 0x564bE09d06117A106ECC006a19b67768cBd91666"}
{"agentId": 53911, "name": "Axiom", "kind": "revoke", "client": "0x1218ff36C5d2e3B6A565CdB1A8B1AcCFc606Ad0a", "tx": "0x716a1558ac18323a37f9e70a5c58ced62c93f4197f2d7ca3f7b718cf17d5f96c", "status": "ok", "block": 52091619, "uri": "revoke index 1: moved to 0x564bE09d06117A106ECC006a19b67768cBd91666"}
{"agentId": 45250, "name": "Clash of Coins", "kind": "revoke", "client": "0x1218ff36C5d2e3B6A565CdB1A8B1AcCFc606Ad0a", "tx": "0x74f644208c4f5d471885f4c57639ed5c72b3c0090411eef7f1e3aee6be6386b9", "status": "ok", "block": 52091622, "uri": "revoke index 1: moved to 0x564bE09d06117A106ECC006a19b67768cBd91666"}
{"agentId": 19125, "name": "ACK", "kind": "revoke", "client": "0x1218ff36C5d2e3B6A565CdB1A8B1AcCFc606Ad0a", "tx": "0xfa5857b238e8528dcf3f72d78d63fce25714f600bdce99883c5be1deb1c33a58", "status": "ok", "block": 52091625, "uri": "revoke index 1: moved to 0x564bE09d06117A106ECC006a19b67768cBd91666"}
{"agentId": 18500, "name": "Agent Arena", "kind": "revoke", "client": "0x1218ff36C5d2e3B6A565CdB1A8B1AcCFc606Ad0a", "tx": "0x1f1ea067d7693f0393635a070895c487f058fd4e4f45979c880dd9a01a9b79e0", "status": "ok", "block": 52091628, "uri": "revoke index 1: moved to 0x564bE09d06117A106ECC006a19b67768cBd91666"}
{"agentId": 17449, "name": "Xona Agent", "kind": "revoke", "client": "0x1218ff36C5d2e3B6A565CdB1A8B1AcCFc606Ad0a", "tx": "0x1887ace5f423a0200824342e1cec2f58a323251bfc2d9b7ab76c0d774bf7a35e", "status": "ok", "block": 52091631, "uri": "revoke index 1: moved to 0x564bE09d06117A106ECC006a19b67768cBd91666"}
{"agentId": 2290, "name": "Clawdia", "kind": "revoke", "client": "0x1218ff36C5d2e3B6A565CdB1A8B1AcCFc606Ad0a", "tx": "0x3c3ebb77ec774813bb71d63f365200d8dbf1d22f5aa51ea48cbad0dc867be793", "status": "ok", "block": 52091635, "uri": "revoke index 1: moved to 0x564bE09d06117A106ECC006a19b67768cBd91666"}
{"agentId": 2060, "name": "AgentEinstein", "kind": "revoke", "client": "0x1218ff36C5d2e3B6A565CdB1A8B1AcCFc606Ad0a", "tx": "0x78cd60a05ae64fa40c391d835c137de0989065c1434b247b7d03e6d35bf3eeb0", "status": "ok", "block": 52091638, "uri": "revoke index 1: moved to 0x564bE09d06117A106ECC006a19b67768cBd91666"}
